3
cat is quite short
18
cat is quite short is quite long
cat is quite short
raven is quite long
End
error message
